{
  "ガ": {
    "overt": {
      "tp_fp": 0,
      "tp_fn": 0,
      "tp": 0
    },
    "dep": {
      "tp_fp": 1,
      "tp_fn": 1,
      "tp": 1
    },
    "zero_endophora": {
      "tp_fp": 1,
      "tp_fn": 1,
      "tp": 1
    },
    "zero_exophora": {
      "tp_fp": 0,
      "tp_fn": 0,
      "tp": 0
    },
    "zero": {
      "tp_fp": 1,
      "tp_fn": 1,
      "tp": 1
    },
    "dep_zero": {
      "tp_fp": 2,
      "tp_fn": 2,
      "tp": 2
    },
    "all": {
      "tp_fp": 2,
      "tp_fn": 2,
      "tp": 2
    }
  },
  "ヲ": {
    "overt": {
      "tp_fp": 0,
      "tp_fn": 1,
      "tp": 0
    },
    "dep": {
      "tp_fp": 0,
      "tp_fn": 0,
      "tp": 0
    },
    "zero_endophora": {
      "tp_fp": 1,
      "tp_fn": 1,
      "tp": 1
    },
    "zero_exophora": {
      "tp_fp": 0,
      "tp_fn": 0,
      "tp": 0
    },
    "zero": {
      "tp_fp": 1,
      "tp_fn": 1,
      "tp": 1
    },
    "dep_zero": {
      "tp_fp": 1,
      "tp_fn": 1,
      "tp": 1
    },
    "all": {
      "tp_fp": 1,
      "tp_fn": 2,
      "tp": 1
    }
  },
  "all_case": {
    "overt": {
      "tp_fp": 0,
      "tp_fn": 1,
      "tp": 0
    },
    "dep": {
      "tp_fp": 1,
      "tp_fn": 1,
      "tp": 1
    },
    "zero_endophora": {
      "tp_fp": 2,
      "tp_fn": 2,
      "tp": 2
    },
    "zero_exophora": {
      "tp_fp": 0,
      "tp_fn": 0,
      "tp": 0
    },
    "zero": {
      "tp_fp": 2,
      "tp_fn": 2,
      "tp": 2
    },
    "dep_zero": {
      "tp_fp": 3,
      "tp_fn": 3,
      "tp": 3
    },
    "all": {
      "tp_fp": 3,
      "tp_fn": 4,
      "tp": 3
    },
    "bridging": {
      "tp_fp": 1,
      "tp_fn": 1,
      "tp": 1
    },
    "coreference": {
      "tp_fp": 2,
      "tp_fn": 1,
      "tp": 0
    }
  }
}
